13:10:21 **** Incremental Build of configuration Debug for project module6_sw ****
make all 
make --no-print-directory pre-build
a9-linaro-pre-build-step
 
make --no-print-directory main-build
Building file: ../src/fsm.c
Invoking: ARM v7 gcc compiler
arm-none-eabi-gcc -Wall -O0 -g3 -c -fmessage-length=0 -MT"src/fsm.o" -mcpu=cortex-a9 -mfpu=vfpv3 -mfloat-abi=hard -I/thayerfs/home/f005cpz/workspace/module6/module6_hw_wrapper/export/module6_hw_wrapper/sw/module6_hw_wrapper/standalone_ps7_cortexa9_0/bspinclude/include -MMD -MP -MF"src/fsm.d" -MT"src/fsm.o" -o "src/fsm.o" "../src/fsm.c"
ERROR: ld.so: object '/usr/${LIB}/nosetxattr.so' from /etc/ld.so.preload cannot be preloaded (cannot open shared object file): ignored.
ERROR: ld.so: object '/usr/${LIB}/nosetxattr.so' from /etc/ld.so.preload cannot be preloaded (cannot open shared object file): ignored.
../src/fsm.c: In function 'Uart0Handler':
../src/fsm.c:159:7: warning: unused variable 'RecvChar' [-Wunused-variable]
  159 |  char RecvChar;
      |       ^~~~~~~~
../src/fsm.c:158:11: warning: unused variable 'UartPtr' [-Wunused-variable]
  158 |  XUartPs *UartPtr = (XUartPs *)CallBackRef;
      |           ^~~~~~~
../src/fsm.c: In function 'Uart1Handler':
../src/fsm.c:177:7: warning: unused variable 'RecvChar' [-Wunused-variable]
  177 |  char RecvChar;
      |       ^~~~~~~~
../src/fsm.c:176:11: warning: unused variable 'UartPtr' [-Wunused-variable]
  176 |  XUartPs *UartPtr = (XUartPs *)CallBackRef;
      |           ^~~~~~~
../src/fsm.c: In function 'hardware_init':
../src/fsm.c:243:17: warning: passing argument 1 of 'io_btn_init' from incompatible pointer type [-Wincompatible-pointer-types]
  243 |     io_btn_init(btn_callback);
      |                 ^~~~~~~~~~~~
      |                 |
      |                 void (*)(unsigned int)
In file included from ../src/fsm.c:12:
../src/io.h:16:25: note: expected 'void (*)(u32)' {aka 'void (*)(long unsigned int)'} but argument is of type 'void (*)(unsigned int)'
   16 | void io_btn_init(void (*btn_callback)(u32 btn));
      |                  ~~~~~~~^~~~~~~~~~~~~~~~~~~~~~
../src/fsm.c:244:16: warning: passing argument 1 of 'io_sw_init' from incompatible pointer type [-Wincompatible-pointer-types]
  244 |     io_sw_init(sw_callback);
      |                ^~~~~~~~~~~
      |                |
      |                void (*)(unsigned int)
In file included from ../src/fsm.c:12:
../src/io.h:27:24: note: expected 'void (*)(u32)' {aka 'void (*)(long unsigned int)'} but argument is of type 'void (*)(unsigned int)'
   27 | void io_sw_init(void (*sw_callback)(u32 sw));
      |                 ~~~~~~~^~~~~~~~~~~~~~~~~~~~
../src/fsm.c: In function 'update_display':
../src/fsm.c:250:12: warning: too many arguments for format [-Wformat-extra-args]
  250 |     printf("\r%-15s | Gate: %-6s | Train: %-8s | Ped: %s \n",
      |            ^~~~~~~~~~~~~~~~~~~~~~~~~~~~~~~~~~~~~~~~~~~~~~~~~
../src/fsm.c: In function 'main':
../src/fsm.c:530:10: warning: implicit declaration of function 'usleep' [-Wimplicit-function-declaration]
  530 |          usleep(50000);
      |          ^~~~~~
ERROR: ld.so: object '/usr/${LIB}/nosetxattr.so' from /etc/ld.so.preload cannot be preloaded (cannot open shared object file): ignored.
Finished building: ../src/fsm.c
 
Building target: module6_sw.elf
Invoking: ARM v7 gcc linker
arm-none-eabi-gcc -mcpu=cortex-a9 -mfpu=vfpv3 -mfloat-abi=hard -Wl,-build-id=none -specs=Xilinx.spec -Wl,-T -Wl,../src/lscript.ld -L/thayerfs/home/f005cpz/workspace/module6/module6_hw_wrapper/export/module6_hw_wrapper/sw/module6_hw_wrapper/standalone_ps7_cortexa9_0/bsplib/lib -o "module6_sw.elf" ./src/adc.o ./src/fsm.o ./src/gic.o ./src/io.o ./src/led.o ./src/platform.o ./src/servo.o ./src/ttc.o ./src/uart.o   -Wl,--start-group,-lxil,-lgcc,-lc,--end-group
ERROR: ld.so: object '/usr/${LIB}/nosetxattr.so' from /etc/ld.so.preload cannot be preloaded (cannot open shared object file): ignored.
ERROR: ld.so: object '/usr/${LIB}/nosetxattr.so' from /etc/ld.so.preload cannot be preloaded (cannot open shared object file): ignored.
ERROR: ld.so: object '/usr/${LIB}/nosetxattr.so' from /etc/ld.so.preload cannot be preloaded (cannot open shared object file): ignored.
Finished building target: module6_sw.elf
 
Invoking: ARM v7 Print Size
arm-none-eabi-size module6_sw.elf  |tee "module6_sw.elf.size"
ERROR: ld.so: object '/usr/${LIB}/nosetxattr.so' from /etc/ld.so.preload cannot be preloaded (cannot open shared object file): ignored.
   text	   data	    bss	    dec	    hex	filename
  87895	   3540	  23040	 114475	  1bf2b	module6_sw.elf
Finished building: module6_sw.elf.size
 

13:10:22 Build Finished (took 1s.369ms)

